// Jest Snapshot v1, https://goo.gl/fbAQLP

exports[`GradientSlider change slider 1`] = `
.emotion-0 .ant-slider-rail {
  background: linear-gradient(
        90deg, red 0%,green 100%
      );
}

.emotion-0 .ant-slider-track {
  background-color: transparent!important;
}

<div
  class="ant-slider emotion-0 emotion-1 ant-slider-horizontal"
>
  <div
    class="ant-slider-rail"
  />
  <div
    class="ant-slider-track ant-slider-track-1"
    style="left: 0%; width: 100%;"
  />
  <div
    class="ant-slider-step"
  />
  <div
    aria-disabled="false"
    aria-orientation="horizontal"
    aria-valuemax="100"
    aria-valuemin="0"
    aria-valuenow="0"
    class="ant-slider-handle ant-slider-handle-1"
    role="slider"
    style="left: 0%; transform: translateX(-50%);"
    tabindex="0"
  />
  <div
    aria-disabled="false"
    aria-orientation="horizontal"
    aria-valuemax="100"
    aria-valuemin="0"
    aria-valuenow="100"
    class="ant-slider-handle ant-slider-handle-2"
    role="slider"
    style="left: 100%; transform: translateX(-50%);"
    tabindex="0"
  />
  <div
    aria-hidden="true"
    class="ant-slider-handle"
    style="transform: translateX(-50%); pointer-events: none; visibility: hidden;"
  />
</div>
`;

exports[`GradientSlider render GradientSlider component 1`] = `
.emotion-0 .ant-slider-rail {
  background: linear-gradient(
        90deg, red 0%,green 100%
      );
}

.emotion-0 .ant-slider-track {
  background-color: transparent!important;
}

<div
  class="ant-slider emotion-0 emotion-1 ant-slider-horizontal"
>
  <div
    class="ant-slider-rail"
  />
  <div
    class="ant-slider-track ant-slider-track-1"
    style="left: 0%; width: 100%;"
  />
  <div
    class="ant-slider-step"
  />
  <div
    aria-disabled="false"
    aria-orientation="horizontal"
    aria-valuemax="100"
    aria-valuemin="0"
    aria-valuenow="0"
    class="ant-slider-handle ant-slider-handle-1"
    role="slider"
    style="left: 0%; transform: translateX(-50%);"
    tabindex="0"
  />
  <div
    aria-disabled="false"
    aria-orientation="horizontal"
    aria-valuemax="100"
    aria-valuemin="0"
    aria-valuenow="100"
    class="ant-slider-handle ant-slider-handle-2"
    role="slider"
    style="left: 100%; transform: translateX(-50%);"
    tabindex="0"
  />
  <div
    aria-hidden="true"
    class="ant-slider-handle"
    style="transform: translateX(-50%); pointer-events: none; visibility: hidden;"
  />
</div>
`;
