// Jest Snapshot v1, https://goo.gl/fbAQLP

exports[`PointInputs render PointInput component 1`] = `
.emotion-0 {
  display: grid;
  grid-template-columns: 23% auto;
  gap: 4px;
}

.emotion-0 button i {
  color: rgba(38, 35, 63, 0.88);
}

.emotion-2 {
  height: 20px;
  font-size: 10px;
  border-radius: 4px;
  padding-inline: 6px;
}

.emotion-2.emotion-2 .ant-input-prefix {
  -webkit-margin-end: 6px;
  margin-inline-end: 6px;
}

.emotion-2.emotion-2 i {
  font-size: 12px!important;
}

.emotion-2[type='number']::-webkit-inner-spin-button,
.emotion-2 input[type='number']::-webkit-inner-spin-button {
  display: none;
}

.emotion-2.ant-input {
  font-weight: 500!important;
}

.emotion-2 .ant-input-prefix i {
  color: #27ae60;
}

.emotion-2 .ant-input-prefix {
  -webkit-margin-end: 8px;
  margin-inline-end: 8px;
}

.emotion-2 i {
  color: #d9d9d9;
  -webkit-transition: color 0.3s cubic-bezier(0.78, 0.14, 0.15, 0.86);
  transition: color 0.3s cubic-bezier(0.78, 0.14, 0.15, 0.86);
}

.emotion-2.ant-input-affix-wrapper-focused i {
  color: #27ae60;
}

.emotion-2.ant-input-affix-wrapper-status-error:not(.ant-input-affix-wrapper-disabled):not(
      .ant-input-affix-wrapper-borderless
    ).ant-input-affix-wrapper,
.emotion-2.ant-input-status-error:not(.ant-input-disabled) {
  background-color: #eb57570a;
  border-width: 1px;
}

.emotion-2.ant-input-affix-wrapper-status-error:not(.ant-input-affix-wrapper-disabled):not(
      .ant-input-affix-wrapper-borderless
    ).ant-input-affix-wrapper i,
.emotion-2.ant-input-status-error:not(.ant-input-disabled) i {
  color: #eb5757;
}

.emotion-2.ant-input-affix-wrapper-status-error:not(.ant-input-affix-wrapper-disabled):not(
      .ant-input-affix-wrapper-borderless
    ).ant-input-affix-wrapper i:before,
.emotion-2.ant-input-status-error:not(.ant-input-disabled) i:before {
  content: '\\e91c';
}

.emotion-2.ant-input-affix-wrapper-status-error:not(.ant-input-affix-wrapper-disabled):not(
      .ant-input-affix-wrapper-borderless
    ).ant-input-affix-wrapper input,
.emotion-2.ant-input-status-error:not(.ant-input-disabled) input {
  background: transparent;
}

.emotion-2.ant-input-affix-wrapper-status-error:not(.ant-input-affix-wrapper-disabled):not(
      .ant-input-affix-wrapper-borderless
    ).ant-input-affix-wrapper input::-webkit-input-placeholder {
  color: #eb5757;
}

.emotion-2.ant-input-affix-wrapper-status-error:not(.ant-input-affix-wrapper-disabled):not(
      .ant-input-affix-wrapper-borderless
    ).ant-input-affix-wrapper input::-moz-placeholder {
  color: #eb5757;
}

.emotion-2.ant-input-affix-wrapper-status-error:not(.ant-input-affix-wrapper-disabled):not(
      .ant-input-affix-wrapper-borderless
    ).ant-input-affix-wrapper input:-ms-input-placeholder {
  color: #eb5757;
}

.emotion-2.ant-input-status-error:not(.ant-input-disabled) input::-webkit-input-placeholder {
  color: #eb5757;
}

.emotion-2.ant-input-status-error:not(.ant-input-disabled) input::-moz-placeholder {
  color: #eb5757;
}

.emotion-2.ant-input-status-error:not(.ant-input-disabled) input:-ms-input-placeholder {
  color: #eb5757;
}

.emotion-2.ant-input-affix-wrapper-status-error:not(.ant-input-affix-wrapper-disabled):not(
      .ant-input-affix-wrapper-borderless
    ).ant-input-affix-wrapper input,
.emotion-2.ant-input-status-error:not(.ant-input-disabled) input,
.emotion-2.ant-input-affix-wrapper-status-error:not(.ant-input-affix-wrapper-disabled):not(
      .ant-input-affix-wrapper-borderless
    ).ant-input-affix-wrapper input::placeholder,
.emotion-2.ant-input-status-error:not(.ant-input-disabled) input::placeholder {
  color: #eb5757;
}

.emotion-4 {
  position: relative;
  line-height: 1px;
}

.emotion-4.emotion-4.emotion-4 .ant-collapse-header {
  display: none;
}

.emotion-4.emotion-4.emotion-4 .ant-color-picker-color-block.ant-color-picker-presets-color:before {
  border-radius: 6px;
}

.emotion-4 .ant-color-picker .ant-color-picker-inner .ant-color-picker-presets .ant-collapse-item>.ant-collapse-content>.ant-collapse-content-box {
  padding: 0;
}

.emotion-5 {
  width: 100%;
  -webkit-box-pack: start;
  -ms-flex-pack: start;
  -webkit-justify-content: flex-start;
  justify-content: flex-start;
  padding-left: 6px;
  background-color: #fff;
  box-shadow: none!important;
  height: 20px;
  border-radius: 4px;
}

.emotion-5 .ant-color-picker-trigger-text {
  font-size: 10px;
}

.emotion-5 .ant-color-picker-color-block {
  width: 12px!important;
  height: 12px!important;
}

.emotion-8 {
  box-shadow: none;
  line-height: 100%;
  letter-spacing: -0.04em;
  display: -webkit-box;
  display: -webkit-flex;
  display: -ms-flexbox;
  display: flex;
  -webkit-align-items: center;
  -webkit-box-align: center;
  -ms-flex-align: center;
  align-items: center;
  -webkit-box-pack: center;
  -ms-flex-pack: center;
  -webkit-justify-content: center;
  justify-content: center;
  -webkit-box-pack: none;
  -ms-flex-pack: none;
  -webkit-justify-content: none;
  justify-content: none;
  color: #27ae60;
  background: transparent!important;
  position: absolute;
  top: calc(50% - 10px);
  right: 0;
  width: 20px;
  height: 20px;
  padding: 2px;
  border: 0;
  color: rgba(38, 35, 63, 0.88);
}

.emotion-8>span {
  display: -webkit-box;
  display: -webkit-flex;
  display: -ms-flexbox;
  display: flex;
  -webkit-align-items: center;
  -webkit-box-align: center;
  -ms-flex-align: center;
  align-items: center;
  -webkit-box-pack: space-around;
  -ms-flex-pack: space-around;
  -webkit-justify-content: space-around;
  justify-content: space-around;
}

.emotion-8.ant-btn.ant-btn-round {
  padding-inline: 12px;
}

.emotion-8 i {
  font-size: 16px;
}

.emotion-8>span {
  gap: 6px;
}

.emotion-8 span {
  font-size: 12px;
}

.emotion-8.emotion-8>span>span>i {
  font-size: 16px;
}

.emotion-8:hover {
  color: #ababab!important;
}

.emotion-8:active {
  color: !important;
}

.emotion-8:hover {
  color: #27ae60!important;
}

.emotion-8.emotion-8 i {
  font-size: 12px;
}

.emotion-9 {
  -webkit-flex: 1;
  -ms-flex: 1;
  flex: 1;
  text-align: center;
}

.emotion-10 [class^='icon-'],
.emotion-10 [class*=' icon-'] {
  font-size: 15px;
}

.emotion-11 {
  -webkit-transition: -webkit-transform 0.3s cubic-bezier(0.78, 0.14, 0.15, 0.86);
  transition: transform 0.3s cubic-bezier(0.78, 0.14, 0.15, 0.86);
}

<div
  class="emotion-0"
>
  <span
    class="ant-input-affix-wrapper ant-input-affix-wrapper-sm emotion-1 ant-input-outlined emotion-2"
  >
    <input
      class="ant-input ant-input-sm emotion-1"
      max="100"
      min="0"
      placeholder="0"
      type="number"
      value="30"
    />
    <span
      class="ant-input-suffix"
    >
      %
    </span>
  </span>
  <div
    class="emotion-4"
  >
    <div
      class="ant-color-picker-trigger ant-color-picker-sm emotion-5 emotion-1"
    >
      <div
        class="ant-color-picker-color-block"
      >
        <div
          class="ant-color-picker-color-block-inner"
          style="background: rgb(255, 0, 0);"
        />
      </div>
      <div
        class="ant-color-picker-trigger-text"
      >
        rgb(255, 0, 0)
      </div>
    </div>
    <button
      class="ant-btn emotion-1 ant-btn-text emotion-8"
      type="button"
    >
      <span>
        <span
          class="emotion-9"
        >
          <span
            class="anticon undefined emotion-10"
          >
            <i
              class="icon-close_outlined emotion-11"
            />
          </span>
        </span>
      </span>
    </button>
  </div>
</div>
`;
